// Jest Snapshot v1, https://goo.gl/fbAQLP

exports[`single store Multiple Setters / Getters 1`] = `
Array [
  <span
    data-testid="getter"
  >
    0
  </span>,
  <span
    data-testid="getter"
  >
    0
  </span>,
]
`;

exports[`single store Multiple Setters / Getters 2`] = `
Array [
  <span
    data-testid="getter"
  >
    1
  </span>,
  <span
    data-testid="getter"
  >
    1
  </span>,
]
`;

exports[`single store Multiple Setters / Getters 3`] = `
Array [
  <span
    data-testid="getter"
  >
    2
  </span>,
  <span
    data-testid="getter"
  >
    2
  </span>,
]
`;

exports[`single store Multiple Setters / Getters 4`] = `
Array [
  <span
    data-testid="getter"
  >
    3
  </span>,
  <span
    data-testid="getter"
  >
    3
  </span>,
]
`;
